<html>
<body>
<pre>
<h1>µVision Build Log</h1>
<h2>Project:</h2>
C:\ti\TivaWare_C_Series-2.1.0.12573\examples\boards\my_projects_123\switch_counter_interrupt\switch_counter_interrupt.uvproj
Project File Date:  10/06/2014

<h2>Output:</h2>
Rebuild target 'Target 1'
assembling startup_rvmdk.S...
compiling switch_counter_interrupt.c...
linking...
Program Size: Code=1272 RO-data=32 RW-data=4 ZI-data=356  
".\switch_counter_interrupt.axf" - 0 Error(s), 0 Warning(s).
</pre>
</body>
</html>
